../Drivers/STM32H5xx_HAL_Driver/Inc/stm32h5xx_ll_spi.h:543:22:LL_SPI_Enable	1
../Drivers/STM32H5xx_HAL_Driver/Inc/stm32h5xx_ll_spi.h:555:22:LL_SPI_Disable	1
../Drivers/STM32H5xx_HAL_Driver/Inc/stm32h5xx_ll_spi.h:787:22:LL_SPI_SetTransferSize	1
../Drivers/STM32H5xx_HAL_Driver/Inc/stm32h5xx_ll_spi.h:960:22:LL_SPI_StartMasterTransfer	1
../Drivers/STM32H5xx_HAL_Driver/Inc/stm32h5xx_ll_spi.h:1048:22:LL_SPI_SetStandard	1
../Drivers/STM32H5xx_HAL_Driver/Inc/stm32h5xx_ll_spi.h:1402:22:LL_SPI_SetFIFOThreshold	1
../Drivers/STM32H5xx_HAL_Driver/Inc/stm32h5xx_ll_spi.h:1591:22:LL_SPI_EnableNSSPulseMgt	1
../Drivers/STM32H5xx_HAL_Driver/Inc/stm32h5xx_ll_spi.h:1634:26:LL_SPI_IsActiveFlag_RXP	2
../Drivers/STM32H5xx_HAL_Driver/Inc/stm32h5xx_ll_spi.h:1645:26:LL_SPI_IsActiveFlag_TXP	2
../Drivers/STM32H5xx_HAL_Driver/Inc/stm32h5xx_ll_spi.h:1667:26:LL_SPI_IsActiveFlag_EOT	2
../Drivers/STM32H5xx_HAL_Driver/Inc/stm32h5xx_ll_spi.h:1803:22:LL_SPI_ClearFlag_EOT	1
../Drivers/STM32H5xx_HAL_Driver/Inc/stm32h5xx_ll_spi.h:1814:22:LL_SPI_ClearFlag_TXTF	1
../Drivers/STM32H5xx_HAL_Driver/Inc/stm32h5xx_ll_spi.h:1825:22:LL_SPI_ClearFlag_UDR	1
../Drivers/STM32H5xx_HAL_Driver/Inc/stm32h5xx_ll_spi.h:1836:22:LL_SPI_ClearFlag_OVR	1
../Drivers/STM32H5xx_HAL_Driver/Inc/stm32h5xx_ll_spi.h:1858:22:LL_SPI_ClearFlag_MODF	1
../Drivers/STM32H5xx_HAL_Driver/Inc/stm32h5xx_ll_spi.h:1869:22:LL_SPI_ClearFlag_FRE	1
../Drivers/STM32H5xx_HAL_Driver/Inc/stm32h5xx_ll_spi.h:1880:22:LL_SPI_ClearFlag_SUSP	1
../Drivers/STM32H5xx_HAL_Driver/Inc/stm32h5xx_ll_spi.h:2331:25:LL_SPI_ReceiveData8	1
../Drivers/STM32H5xx_HAL_Driver/Inc/stm32h5xx_ll_spi.h:2370:22:LL_SPI_TransmitData8	1
../Drivers/STM32H5xx_HAL_Driver/Inc/stm32h5xx_ll_tim.h:2196:22:LL_TIM_DisableARRPreload	1
../Drivers/STM32H5xx_HAL_Driver/Inc/stm32h5xx_ll_tim.h:2975:22:LL_TIM_OC_DisableFast	10
../Drivers/STM32H5xx_HAL_Driver/Inc/stm32h5xx_ll_tim.h:3027:22:LL_TIM_OC_EnablePreload	10
../Drivers/STM32H5xx_HAL_Driver/Inc/stm32h5xx_ll_tim.h:3549:22:LL_TIM_IC_SetActiveInput	10
../Drivers/STM32H5xx_HAL_Driver/Inc/stm32h5xx_ll_tim.h:3599:22:LL_TIM_IC_SetPrescaler	10
../Drivers/STM32H5xx_HAL_Driver/Inc/stm32h5xx_ll_tim.h:3662:22:LL_TIM_IC_SetFilter	10
../Drivers/STM32H5xx_HAL_Driver/Inc/stm32h5xx_ll_tim.h:3728:22:LL_TIM_IC_SetPolarity	10
../Drivers/STM32H5xx_HAL_Driver/Inc/stm32h5xx_ll_tim.h:3936:22:LL_TIM_SetClockSource	1
../Drivers/STM32H5xx_HAL_Driver/Inc/stm32h5xx_ll_tim.h:3989:22:LL_TIM_SetTriggerOutput	1
../Drivers/STM32H5xx_HAL_Driver/Inc/stm32h5xx_ll_tim.h:4019:22:LL_TIM_SetTriggerOutput2	1
../Drivers/STM32H5xx_HAL_Driver/Inc/stm32h5xx_ll_tim.h:4096:22:LL_TIM_DisableMasterSlaveMode	1
../Drivers/STM32H5xx_HAL_Driver/Inc/stm32h5xx_ll_gpio.h:894:22:LL_GPIO_SetOutputPin	1
../Drivers/STM32H5xx_HAL_Driver/Inc/stm32h5xx_ll_gpio.h:923:22:LL_GPIO_ResetOutputPin	1
../Drivers/STM32H5xx_HAL_Driver/Inc/stm32h5xx_ll_bus.h:993:22:LL_AHB2_GRP1_EnableClock	1
../Drivers/STM32H5xx_HAL_Driver/Inc/stm32h5xx_ll_bus.h:1669:22:LL_APB1_GRP1_EnableClock	1
../Drivers/STM32H5xx_HAL_Driver/Inc/stm32h5xx_ll_bus.h:2380:22:LL_APB2_GRP1_EnableClock	1
../Core/Src/main.c:124:13:bmp580_spi_clear_flags	1
../Core/Src/main.c:134:13:bmp580_spi_abort	1
../Core/Src/main.c:142:15:bmp580_spi_start	1
../Core/Src/main.c:153:15:bmp580_spi_txrx_byte	5
../Core/Src/main.c:184:15:bmp580_spi_finish	3
../Core/Src/main.c:204:27:bmp580_spi_read	7
../Core/Src/main.c:229:27:bmp580_spi_write	7
../Core/Src/main.c:254:13:bmp580_delay_us	2
../Core/Src/main.c:261:15:BMP580_Init	9
../Core/Src/main.c:313:15:BMP580_Read	2
../Core/Src/main.c:327:13:bmm150_spi_abort	1
../Core/Src/main.c:334:15:bmm150_spi_start	3
../Core/Src/main.c:355:15:bmm150_spi_finish	3
../Core/Src/main.c:376:29:bmm150_spi_read	7
../Core/Src/main.c:408:29:bmm150_spi_write	7
../Core/Src/main.c:439:15:BMM150_Init	4
../Core/Src/main.c:469:15:BMM150_Read	2
../Core/Src/main.c:486:13:BMM150_UpdateHeading	4
../Core/Src/main.c:504:5:main	6
../Core/Src/main.c:609:6:SystemClock_Config	4
../Core/Src/main.c:668:6:PeriphCommonClock_Config	2
../Core/Src/main.c:687:13:MX_ADC1_Init	3
../Core/Src/main.c:746:13:MX_FDCAN1_Init	2
../Core/Src/main.c:789:13:MX_GPDMA1_Init	3
../Core/Src/main.c:835:13:MX_ICACHE_Init	2
../Core/Src/main.c:863:13:MX_SPI1_Init	2
../Core/Src/main.c:938:13:MX_SPI2_Init	2
../Core/Src/main.c:1013:13:MX_TIM1_Init	1
../Core/Src/main.c:1098:13:MX_TIM2_Init	1
../Core/Src/main.c:1156:13:MX_TIM3_Init	1
../Core/Src/main.c:1225:13:MX_TIM4_Init	1
../Core/Src/main.c:1282:13:MX_TIM8_Init	7
../Core/Src/main.c:1364:13:MX_UART4_Init	5
../Core/Src/main.c:1412:13:MX_UART5_Init	5
../Core/Src/main.c:1460:13:MX_UART7_Init	5
../Core/Src/main.c:1508:13:MX_USART1_UART_Init	5
../Core/Src/main.c:1556:13:MX_USART2_UART_Init	5
../Core/Src/main.c:1604:13:MX_USART3_UART_Init	5
../Core/Src/main.c:1652:13:MX_USART6_UART_Init	5
../Core/Src/main.c:1700:13:MX_USB_PCD_Init	2
../Core/Src/main.c:1736:13:MX_GPIO_Init	1
../Core/Src/main.c:1813:6:Error_Handler	1
