../Drivers/STM32H5xx_HAL_Driver/Inc/stm32h5xx_ll_spi.h:543:22:LL_SPI_Enable	16	static
../Drivers/STM32H5xx_HAL_Driver/Inc/stm32h5xx_ll_spi.h:555:22:LL_SPI_Disable	16	static
../Drivers/STM32H5xx_HAL_Driver/Inc/stm32h5xx_ll_spi.h:787:22:LL_SPI_SetTransferSize	16	static
../Drivers/STM32H5xx_HAL_Driver/Inc/stm32h5xx_ll_spi.h:960:22:LL_SPI_StartMasterTransfer	16	static
../Drivers/STM32H5xx_HAL_Driver/Inc/stm32h5xx_ll_spi.h:1048:22:LL_SPI_SetStandard	16	static
../Drivers/STM32H5xx_HAL_Driver/Inc/stm32h5xx_ll_spi.h:1402:22:LL_SPI_SetFIFOThreshold	16	static
../Drivers/STM32H5xx_HAL_Driver/Inc/stm32h5xx_ll_spi.h:1591:22:LL_SPI_EnableNSSPulseMgt	16	static
../Drivers/STM32H5xx_HAL_Driver/Inc/stm32h5xx_ll_spi.h:1634:26:LL_SPI_IsActiveFlag_RXP	16	static
../Drivers/STM32H5xx_HAL_Driver/Inc/stm32h5xx_ll_spi.h:1645:26:LL_SPI_IsActiveFlag_TXP	16	static
../Drivers/STM32H5xx_HAL_Driver/Inc/stm32h5xx_ll_spi.h:1667:26:LL_SPI_IsActiveFlag_EOT	16	static
../Drivers/STM32H5xx_HAL_Driver/Inc/stm32h5xx_ll_spi.h:1803:22:LL_SPI_ClearFlag_EOT	16	static
../Drivers/STM32H5xx_HAL_Driver/Inc/stm32h5xx_ll_spi.h:1814:22:LL_SPI_ClearFlag_TXTF	16	static
../Drivers/STM32H5xx_HAL_Driver/Inc/stm32h5xx_ll_spi.h:1825:22:LL_SPI_ClearFlag_UDR	16	static
../Drivers/STM32H5xx_HAL_Driver/Inc/stm32h5xx_ll_spi.h:1836:22:LL_SPI_ClearFlag_OVR	16	static
../Drivers/STM32H5xx_HAL_Driver/Inc/stm32h5xx_ll_spi.h:1858:22:LL_SPI_ClearFlag_MODF	16	static
../Drivers/STM32H5xx_HAL_Driver/Inc/stm32h5xx_ll_spi.h:1869:22:LL_SPI_ClearFlag_FRE	16	static
../Drivers/STM32H5xx_HAL_Driver/Inc/stm32h5xx_ll_spi.h:1880:22:LL_SPI_ClearFlag_SUSP	16	static
../Drivers/STM32H5xx_HAL_Driver/Inc/stm32h5xx_ll_spi.h:2331:25:LL_SPI_ReceiveData8	16	static
../Drivers/STM32H5xx_HAL_Driver/Inc/stm32h5xx_ll_spi.h:2370:22:LL_SPI_TransmitData8	16	static
../Drivers/STM32H5xx_HAL_Driver/Inc/stm32h5xx_ll_tim.h:2196:22:LL_TIM_DisableARRPreload	16	static
../Drivers/STM32H5xx_HAL_Driver/Inc/stm32h5xx_ll_tim.h:2975:22:LL_TIM_OC_DisableFast	24	static
../Drivers/STM32H5xx_HAL_Driver/Inc/stm32h5xx_ll_tim.h:3027:22:LL_TIM_OC_EnablePreload	24	static
../Drivers/STM32H5xx_HAL_Driver/Inc/stm32h5xx_ll_tim.h:3549:22:LL_TIM_IC_SetActiveInput	32	static
../Drivers/STM32H5xx_HAL_Driver/Inc/stm32h5xx_ll_tim.h:3599:22:LL_TIM_IC_SetPrescaler	32	static
../Drivers/STM32H5xx_HAL_Driver/Inc/stm32h5xx_ll_tim.h:3662:22:LL_TIM_IC_SetFilter	32	static
../Drivers/STM32H5xx_HAL_Driver/Inc/stm32h5xx_ll_tim.h:3728:22:LL_TIM_IC_SetPolarity	32	static
../Drivers/STM32H5xx_HAL_Driver/Inc/stm32h5xx_ll_tim.h:3936:22:LL_TIM_SetClockSource	16	static
../Drivers/STM32H5xx_HAL_Driver/Inc/stm32h5xx_ll_tim.h:3989:22:LL_TIM_SetTriggerOutput	16	static
../Drivers/STM32H5xx_HAL_Driver/Inc/stm32h5xx_ll_tim.h:4019:22:LL_TIM_SetTriggerOutput2	16	static
../Drivers/STM32H5xx_HAL_Driver/Inc/stm32h5xx_ll_tim.h:4096:22:LL_TIM_DisableMasterSlaveMode	16	static
../Drivers/STM32H5xx_HAL_Driver/Inc/stm32h5xx_ll_gpio.h:894:22:LL_GPIO_SetOutputPin	16	static
../Drivers/STM32H5xx_HAL_Driver/Inc/stm32h5xx_ll_gpio.h:923:22:LL_GPIO_ResetOutputPin	16	static
../Drivers/STM32H5xx_HAL_Driver/Inc/stm32h5xx_ll_bus.h:993:22:LL_AHB2_GRP1_EnableClock	24	static
../Drivers/STM32H5xx_HAL_Driver/Inc/stm32h5xx_ll_bus.h:1669:22:LL_APB1_GRP1_EnableClock	24	static
../Drivers/STM32H5xx_HAL_Driver/Inc/stm32h5xx_ll_bus.h:2380:22:LL_APB2_GRP1_EnableClock	24	static
../Core/Src/main.c:113:13:bmp580_spi_clear_flags	8	static
../Core/Src/main.c:123:13:bmp580_spi_abort	8	static
../Core/Src/main.c:131:15:bmp580_spi_start	16	static
../Core/Src/main.c:145:15:bmp580_spi_txrx_byte	24	static
../Core/Src/main.c:176:15:bmp580_spi_finish	16	static
../Core/Src/main.c:198:27:bmp580_spi_read	32	static
../Core/Src/main.c:230:27:bmp580_spi_write	32	static
../Core/Src/main.c:261:13:bmp580_delay_us	16	static
../Core/Src/main.c:269:15:BMP580_Init	24	static
../Core/Src/main.c:325:15:BMP580_Read	32	static
../Core/Src/main.c:345:5:main	8	static
../Core/Src/main.c:433:6:SystemClock_Config	120	static
../Core/Src/main.c:492:6:PeriphCommonClock_Config	272	static
../Core/Src/main.c:511:13:MX_ADC1_Init	40	static
../Core/Src/main.c:570:13:MX_FDCAN1_Init	8	static
../Core/Src/main.c:613:13:MX_GPDMA1_Init	16	static
../Core/Src/main.c:659:13:MX_ICACHE_Init	8	static
../Core/Src/main.c:687:13:MX_SPI1_Init	336	static
../Core/Src/main.c:762:13:MX_SPI2_Init	336	static
../Core/Src/main.c:837:13:MX_TIM1_Init	136	static
../Core/Src/main.c:922:13:MX_TIM2_Init	56	static
../Core/Src/main.c:980:13:MX_TIM3_Init	88	static
../Core/Src/main.c:1049:13:MX_TIM4_Init	88	static
../Core/Src/main.c:1106:13:MX_TIM8_Init	120	static
../Core/Src/main.c:1188:13:MX_UART4_Init	8	static
../Core/Src/main.c:1236:13:MX_UART5_Init	8	static
../Core/Src/main.c:1284:13:MX_UART7_Init	8	static
../Core/Src/main.c:1332:13:MX_USART1_UART_Init	8	static
../Core/Src/main.c:1380:13:MX_USART2_UART_Init	8	static
../Core/Src/main.c:1428:13:MX_USART3_UART_Init	8	static
../Core/Src/main.c:1476:13:MX_USART6_UART_Init	8	static
../Core/Src/main.c:1524:13:MX_USB_PCD_Init	8	static
../Core/Src/main.c:1560:13:MX_GPIO_Init	32	static
../Core/Src/main.c:1637:6:Error_Handler	4	static,ignoring_inline_asm
